
Running 14 tests using 8 workers

[1A[2K[1/14] [chromium] Γא║ tests\portfolio.spec.ts:56:13 Γא║ Portfolio Deep E2E Tests (POM Architecture) Γא║ Navigation & Routing Γא║ Section links correctly scroll viewport or update URL hash
[1A[2K[2/14] [chromium] Γא║ tests\portfolio.spec.ts:94:13 Γא║ Portfolio Deep E2E Tests (POM Architecture) Γא║ External Links & Social CTAs Verification Γא║ Social buttons contain correct expected external hrefs
[1A[2K[3/14] [chromium] Γא║ tests\portfolio.spec.ts:72:13 Γא║ Portfolio Deep E2E Tests (POM Architecture) Γא║ Navigation & Routing Γא║ Portal Scroll Lock applies correctly to document body
[1A[2K[4/14] [chromium] Γא║ tests\portfolio.spec.ts:154:13 Γא║ Portfolio Deep E2E Tests (POM Architecture) Γא║ UI Features, Toggles & Micro-Interactions Γא║ Affordance Dot indicator is visible on View Mode Toggle
[1A[2K[5/14] [chromium] Γא║ tests\portfolio.spec.ts:122:13 Γא║ Portfolio Deep E2E Tests (POM Architecture) Γא║ UI Features, Toggles & Micro-Interactions Γא║ Theme Toggle switches the dark mode class on HTML element
[1A[2K[6/14] [chromium] Γא║ tests\portfolio.spec.ts:43:13 Γא║ Portfolio Deep E2E Tests (POM Architecture) Γא║ Navigation & Routing Γא║ Navigation menu opens, displays links securely, and closes
[1A[2K[7/14] [chromium] Γא║ tests\portfolio.spec.ts:162:13 Γא║ Portfolio Deep E2E Tests (POM Architecture) Γא║ Core Components & Dynamic Features Γא║ Hero loads CTA content, statuses, and links gracefully
[1A[2K[8/14] [chromium] Γא║ tests\portfolio.spec.ts:146:13 Γא║ Portfolio Deep E2E Tests (POM Architecture) Γא║ UI Features, Toggles & Micro-Interactions Γא║ View Mode Toggle updates state logically
[1A[2K[9/14] [chromium] Γא║ tests\portfolio.spec.ts:168:13 Γא║ Portfolio Deep E2E Tests (POM Architecture) Γא║ Core Components & Dynamic Features Γא║ About contains profile artifacts
[1A[2K  1) [chromium] Γא║ tests\portfolio.spec.ts:162:13 Γא║ Portfolio Deep E2E Tests (POM Architecture) Γא║ Core Components & Dynamic Features Γא║ Hero loads CTA content, statuses, and links gracefully 

    Error: [2mexpect([22m[31mlocator[39m[2m).[22mtoBeVisible[2m([22m[2m)[22m failed

    Locator: getByRole('link', { name: /Message on WhatsApp/i })
    Expected: visible
    Error: strict mode violation: getByRole('link', { name: /Message on WhatsApp/i }) resolved to 2 elements:
        1) <a target="_blank" rel="noopener noreferrer" aria-label="Message on WhatsApp" href="https://wa.me/+972585060699" class="inline-flex h-8 w-8 items-center justify-center rounded-lg text-slate-500 dark:text-slate-400 transition-[color,background,transform] duration-150 hover:scale-[1.08] active:scale-90 hover:bg-emerald-50 dark:hover:bg-emerald-950/40 hover:text-emerald-600 dark:hover:text-emerald-400">Γאª</a> aka getByRole('navigation', { name: 'Main navigation' }).getByLabel('Message on WhatsApp')
        2) <a target="_blank" rel="noopener noreferrer" aria-label="Message on WhatsApp" href="https://wa.me/+972585060699" class="group inline-flex w-full items-center justify-center gap-2 rounded-xl bg-gradient-to-r from-[#25D366] to-[#128C7E] px-6 py-3 text-sm font-bold text-white shadow-lg shadow-[#25D366]/20 transition-[transform,box-shadow] duration-200 hover:scale-[1.04] hover:-translate-y-0.5 hover:shadow-[#25D366]/40 active:scale-[0.97] focus:outline-none focus-visible:ring-2 focus-visible:ring-[#2Γאª>Γאª</a> aka getByText('WhatsApp Me')

    Call log:
    [2m  - Expect "toBeVisible" with timeout 5000ms[22m
    [2m  - waiting for getByRole('link', { name: /Message on WhatsApp/i })[22m


      162 |         test('Hero loads CTA content, statuses, and links gracefully', async () => {
      163 |             await expect(hero.statusBadge).toBeVisible();
    > 164 |             await expect(hero.whatsappButton).toBeVisible();
          |                                               ^
      165 |             await expect(hero.downloadCVButton).toBeVisible();
      166 |         });
      167 |
        at C:\dev\projects\portfolio\tests\portfolio.spec.ts:164:47

    Error Context: test-results\portfolio-Portfolio-Deep-E-5f488-atuses-and-links-gracefully-chromium\error-context.md


[1A[2K[10/14] [chromium] Γא║ tests\portfolio.spec.ts:180:13 Γא║ Portfolio Deep E2E Tests (POM Architecture) Γא║ Core Components & Dynamic Features Γא║ Skills grids show expected specific items
[1A[2K[11/14] [chromium] Γא║ tests\portfolio.spec.ts:187:13 Γא║ Portfolio Deep E2E Tests (POM Architecture) Γא║ Core Components & Dynamic Features Γא║ Personal world shows Globe renderer and audio payload
[1A[2K[12/14] [chromium] Γא║ tests\portfolio.spec.ts:197:13 Γא║ Portfolio Deep E2E Tests (POM Architecture) Γא║ Core Components & Dynamic Features Γא║ Contact block ends smoothly
[1A[2K[13/14] [chromium] Γא║ tests\portfolio.spec.ts:205:13 Γא║ Portfolio Deep E2E Tests (POM Architecture) Γא║ Projects & Hover Discoverability Interactions Γא║ Project cards trigger hover state and Expose nested Github Links
[1A[2K  2) [chromium] Γא║ tests\portfolio.spec.ts:94:13 Γא║ Portfolio Deep E2E Tests (POM Architecture) Γא║ External Links & Social CTAs Verification Γא║ Social buttons contain correct expected external hrefs 

    Error: [2mexpect([22m[31mlocator[39m[2m).[22mtoBeVisible[2m([22m[2m)[22m failed

    Locator: getByRole('link', { name: /Message on WhatsApp/i })
    Expected: visible
    Error: strict mode violation: getByRole('link', { name: /Message on WhatsApp/i }) resolved to 2 elements:
        1) <a target="_blank" rel="noopener noreferrer" aria-label="Message on WhatsApp" href="https://wa.me/+972585060699" class="inline-flex h-8 w-8 items-center justify-center rounded-lg text-slate-500 dark:text-slate-400 transition-[color,background,transform] duration-150 hover:scale-[1.08] active:scale-90 hover:bg-emerald-50 dark:hover:bg-emerald-950/40 hover:text-emerald-600 dark:hover:text-emerald-400">Γאª</a> aka getByRole('navigation', { name: 'Main navigation' }).getByLabel('Message on WhatsApp')
        2) <a target="_blank" rel="noopener noreferrer" aria-label="Message on WhatsApp" href="https://wa.me/+972585060699" class="group inline-flex w-full items-center justify-center gap-2 rounded-xl bg-gradient-to-r from-[#25D366] to-[#128C7E] px-6 py-3 text-sm font-bold text-white shadow-lg shadow-[#25D366]/20 transition-[transform,box-shadow] duration-200 hover:scale-[1.04] hover:-translate-y-0.5 hover:shadow-[#25D366]/40 active:scale-[0.97] focus:outline-none focus-visible:ring-2 focus-visible:ring-[#2Γאª>Γאª</a> aka getByText('WhatsApp Me')

    Call log:
    [2m  - Expect "toBeVisible" with timeout 5000ms[22m
    [2m  - waiting for getByRole('link', { name: /Message on WhatsApp/i })[22m


      114 |
      115 |             // WhatsApp button explicitly visible and mapped in Hero POM
    > 116 |             await expect(hero.whatsappButton).toBeVisible();
          |                                               ^
      117 |         });
      118 |     });
      119 |
        at C:\dev\projects\portfolio\tests\portfolio.spec.ts:116:47

    Error Context: test-results\portfolio-Portfolio-Deep-E-15192-ect-expected-external-hrefs-chromium\error-context.md


[1A[2K  3) [chromium] Γא║ tests\portfolio.spec.ts:154:13 Γא║ Portfolio Deep E2E Tests (POM Architecture) Γא║ UI Features, Toggles & Micro-Interactions Γא║ Affordance Dot indicator is visible on View Mode Toggle 

    Error: [2mexpect([22m[31mlocator[39m[2m).[22mtoBeVisible[2m([22m[2m)[22m failed

    Locator: getByRole('switch', { name: /Switch to (Resume|Portfolio) view/i }).locator('.animate-ping')
    Expected: visible
    Timeout: 5000ms
    Error: element(s) not found

    Call log:
    [2m  - Expect "toBeVisible" with timeout 5000ms[22m
    [2m  - waiting for getByRole('switch', { name: /Switch to (Resume|Portfolio) view/i }).locator('.animate-ping')[22m


      154 |         test('Affordance Dot indicator is visible on View Mode Toggle', async () => {
      155 |             // Asserts the pulse ping notification
    > 156 |             await expect(navbar.affordanceDot).toBeVisible();
          |                                                ^
      157 |         });
      158 |     });
      159 |
        at C:\dev\projects\portfolio\tests\portfolio.spec.ts:156:48

    Error Context: test-results\portfolio-Portfolio-Deep-E-e1c67-visible-on-View-Mode-Toggle-chromium\error-context.md


[1A[2K  4) [chromium] Γא║ tests\portfolio.spec.ts:168:13 Γא║ Portfolio Deep E2E Tests (POM Architecture) Γא║ Core Components & Dynamic Features Γא║ About contains profile artifacts 

    Error: [2mexpect([22m[31mlocator[39m[2m).[22mtoBeVisible[2m([22m[2m)[22m failed

    Locator: locator('section#about').getByRole('heading', { name: /About Me/i, level: 2 }).first()
    Expected: visible
    Timeout: 5000ms
    Error: element(s) not found

    Call log:
    [2m  - Expect "toBeVisible" with timeout 5000ms[22m
    [2m  - waiting for locator('section#about').getByRole('heading', { name: /About Me/i, level: 2 }).first()[22m


      167 |
      168 |         test('About contains profile artifacts', async () => {
    > 169 |             await expect(about.heading).toBeVisible();
          |                                         ^
      170 |             await expect(about.profileImage).toBeVisible();
      171 |         });
      172 |
        at C:\dev\projects\portfolio\tests\portfolio.spec.ts:169:41

    Error Context: test-results\portfolio-Portfolio-Deep-E-c8a44--contains-profile-artifacts-chromium\error-context.md


[1A[2K[14/14] [chromium] Γא║ tests\portfolio.spec.ts:173:13 Γא║ Portfolio Deep E2E Tests (POM Architecture) Γא║ Core Components & Dynamic Features Γא║ Experience timeline is populated with target keys
[1A[2K  5) [chromium] Γא║ tests\portfolio.spec.ts:180:13 Γא║ Portfolio Deep E2E Tests (POM Architecture) Γא║ Core Components & Dynamic Features Γא║ Skills grids show expected specific items 

    Error: [2mexpect([22m[31mlocator[39m[2m).[22mtoBeVisible[2m([22m[2m)[22m failed

    Locator: locator('section#skills').getByRole('heading', { name: /Technical Arsenal/i, level: 2 })
    Expected: visible
    Timeout: 5000ms
    Error: element(s) not found

    Call log:
    [2m  - Expect "toBeVisible" with timeout 5000ms[22m
    [2m  - waiting for locator('section#skills').getByRole('heading', { name: /Technical Arsenal/i, level: 2 })[22m


      179 |
      180 |         test('Skills grids show expected specific items', async () => {
    > 181 |             await expect(skills.heading).toBeVisible();
          |                                          ^
      182 |             await expect(skills.getCategoryHeading('Languages & Core')).toBeVisible();
      183 |             await expect(skills.getSkillLocator('Python')).toBeVisible();
      184 |             await expect(skills.getSkillLocator('React')).toBeVisible();
        at C:\dev\projects\portfolio\tests\portfolio.spec.ts:181:42

    Error Context: test-results\portfolio-Portfolio-Deep-E-ffb57-how-expected-specific-items-chromium\error-context.md


[1A[2K  6) [chromium] Γא║ tests\portfolio.spec.ts:197:13 Γא║ Portfolio Deep E2E Tests (POM Architecture) Γא║ Core Components & Dynamic Features Γא║ Contact block ends smoothly 

    Error: [2mexpect([22m[31mlocator[39m[2m).[22mtoBeVisible[2m([22m[2m)[22m failed

    Locator: locator('section#contact').getByRole('link', { name: /Drop me an email/i })
    Expected: visible
    Timeout: 5000ms
    Error: element(s) not found

    Call log:
    [2m  - Expect "toBeVisible" with timeout 5000ms[22m
    [2m  - waiting for locator('section#contact').getByRole('link', { name: /Drop me an email/i })[22m


      196 |
      197 |         test('Contact block ends smoothly', async () => {
    > 198 |             await expect(contact.emailButton).toBeVisible();
          |                                               ^
      199 |             await expect(contact.sectionLocator.getByText(/Shalev Atsis/i).first()).toBeVisible();
      200 |         });
      201 |     });
        at C:\dev\projects\portfolio\tests\portfolio.spec.ts:198:47

    Error Context: test-results\portfolio-Portfolio-Deep-E-bc188-Contact-block-ends-smoothly-chromium\error-context.md


[1A[2K  7) [chromium] Γא║ tests\portfolio.spec.ts:187:13 Γא║ Portfolio Deep E2E Tests (POM Architecture) Γא║ Core Components & Dynamic Features Γא║ Personal world shows Globe renderer and audio payload 

    Error: [2mexpect([22m[31mlocator[39m[2m).[22mtoBeVisible[2m([22m[2m)[22m failed

    Locator: locator('section#personal-world').getByRole('tab', { name: 'Music & Vibes' })
    Expected: visible
    Timeout: 5000ms
    Error: element(s) not found

    Call log:
    [2m  - Expect "toBeVisible" with timeout 5000ms[22m
    [2m  - waiting for locator('section#personal-world').getByRole('tab', { name: 'Music & Vibes' })[22m


      189 |             await world.sectionLocator.scrollIntoViewIfNeeded();
      190 |
    > 191 |             await expect(world.getInterestTab('Music & Vibes')).toBeVisible();
          |                                                                 ^
      192 |             await expect(world.getAudioPlayerTarget('Bad Bunny')).toBeVisible();
      193 |             // Globe 3D canvas (injects progressively after hydration)
      194 |             await expect(world.globeCanvas.first()).toBeAttached();
        at C:\dev\projects\portfolio\tests\portfolio.spec.ts:191:65

    Error Context: test-results\portfolio-Portfolio-Deep-E-404c8--renderer-and-audio-payload-chromium\error-context.md


[1A[2K  8) [chromium] Γא║ tests\portfolio.spec.ts:173:13 Γא║ Portfolio Deep E2E Tests (POM Architecture) Γא║ Core Components & Dynamic Features Γא║ Experience timeline is populated with target keys 

    Error: [2mexpect([22m[31mlocator[39m[2m).[22mtoBeVisible[2m([22m[2m)[22m failed

    Locator: locator('section#experience').getByRole('link', { name: 'Jifiti' })
    Expected: visible
    Timeout: 5000ms
    Error: element(s) not found

    Call log:
    [2m  - Expect "toBeVisible" with timeout 5000ms[22m
    [2m  - waiting for locator('section#experience').getByRole('link', { name: 'Jifiti' })[22m


      173 |         test('Experience timeline is populated with target keys', async () => {
      174 |             await expect(experience.heading).toBeVisible();
    > 175 |             await expect(experience.getCompanyLink('Jifiti')).toBeVisible();
          |                                                               ^
      176 |             await expect(experience.getCompanyLink('IDF')).toBeVisible();
      177 |             await expect(experience.getJobTitle('Full Stack Software Engineer')).toBeVisible();
      178 |         });
        at C:\dev\projects\portfolio\tests\portfolio.spec.ts:175:63

    Error Context: test-results\portfolio-Portfolio-Deep-E-9608d--populated-with-target-keys-chromium\error-context.md


[1A[2K  8 failed
    [chromium] Γא║ tests\portfolio.spec.ts:94:13 Γא║ Portfolio Deep E2E Tests (POM Architecture) Γא║ External Links & Social CTAs Verification Γא║ Social buttons contain correct expected external hrefs 
    [chromium] Γא║ tests\portfolio.spec.ts:154:13 Γא║ Portfolio Deep E2E Tests (POM Architecture) Γא║ UI Features, Toggles & Micro-Interactions Γא║ Affordance Dot indicator is visible on View Mode Toggle 
    [chromium] Γא║ tests\portfolio.spec.ts:162:13 Γא║ Portfolio Deep E2E Tests (POM Architecture) Γא║ Core Components & Dynamic Features Γא║ Hero loads CTA content, statuses, and links gracefully 
    [chromium] Γא║ tests\portfolio.spec.ts:168:13 Γא║ Portfolio Deep E2E Tests (POM Architecture) Γא║ Core Components & Dynamic Features Γא║ About contains profile artifacts 
    [chromium] Γא║ tests\portfolio.spec.ts:173:13 Γא║ Portfolio Deep E2E Tests (POM Architecture) Γא║ Core Components & Dynamic Features Γא║ Experience timeline is populated with target keys 
    [chromium] Γא║ tests\portfolio.spec.ts:180:13 Γא║ Portfolio Deep E2E Tests (POM Architecture) Γא║ Core Components & Dynamic Features Γא║ Skills grids show expected specific items 
    [chromium] Γא║ tests\portfolio.spec.ts:187:13 Γא║ Portfolio Deep E2E Tests (POM Architecture) Γא║ Core Components & Dynamic Features Γא║ Personal world shows Globe renderer and audio payload 
    [chromium] Γא║ tests\portfolio.spec.ts:197:13 Γא║ Portfolio Deep E2E Tests (POM Architecture) Γא║ Core Components & Dynamic Features Γא║ Contact block ends smoothly 
  6 passed (20.6s)

[36m  Serving HTML report at http://localhost:59226. Press Ctrl+C to quit.[39m
